// Jest Snapshot v1, https://goo.gl/fbAQLP

exports[`LightboxCaption should show a LightboxCaption with a pillar colour 1`] = `
<View
  style={
    Object {
      "backgroundColor": "#121212",
      "bottom": 0,
      "opacity": 0.8,
      "position": "absolute",
      "width": "100%",
      "zIndex": 1,
    }
  }
>
  <View
    style={
      Object {
        "display": "flex",
        "flexDirection": "row",
        "paddingHorizontal": 10,
        "paddingTop": 5,
      }
    }
  >
    <RNSVGSvgView
      align="xMidYMid"
      bbHeight={9}
      bbWidth={11}
      fill="none"
      focusable={false}
      height={9}
      meetOrSlice={0}
      minX={0}
      minY={0}
      rotation={0}
      style={
        Array [
          Object {
            "backgroundColor": "transparent",
            "borderWidth": 0,
          },
          Object {
            "marginTop": 4,
          },
          Object {
            "opacity": 1,
          },
          Object {
            "flex": 0,
            "height": 9,
            "width": 11,
          },
        ]
      }
      vbHeight={9}
      vbWidth={11}
      width={11}
    >
      <RNSVGGroup
        fill={null}
        fillOpacity={1}
        fillRule={1}
        font={Object {}}
        matrix={
          Array [
            1,
            0,
            0,
            1,
            0,
            0,
          ]
        }
        opacity={1}
        originX={0}
        originY={0}
        propList={
          Array [
            "fill",
          ]
        }
        rotation={0}
        scaleX={1}
        scaleY={1}
        skewX={0}
        skewY={0}
        stroke={null}
        strokeDasharray={null}
        strokeDashoffset={null}
        strokeLinecap={0}
        strokeLinejoin={0}
        strokeMiterlimit={4}
        strokeOpacity={1}
        strokeWidth={1}
        vectorEffect={0}
        x={0}
        y={0}
      >
        <RNSVGGroup
          fill={
            Array [
              0,
              4278190080,
            ]
          }
          fillOpacity={1}
          fillRule={1}
          font={Object {}}
          matrix={
            Array [
              1,
              0,
              0,
              1,
              0,
              0,
            ]
          }
          opacity={1}
          originX={0}
          originY={0}
          propList={Array []}
          rotation={0}
          scaleX={1}
          scaleY={1}
          skewX={0}
          skewY={0}
          stroke={null}
          strokeDasharray={null}
          strokeDashoffset={null}
          strokeLinecap={0}
          strokeLinejoin={0}
          strokeMiterlimit={4}
          strokeOpacity={1}
          strokeWidth={1}
          vectorEffect={0}
          x={0}
          y={0}
        >
          <RNSVGPath
            d="M5.5 0L10.5 9H0.5L5.5 0Z"
            fill={
              Array [
                0,
                4278190335,
              ]
            }
            fillOpacity={1}
            fillRule={1}
            matrix={
              Array [
                1,
                0,
                0,
                1,
                0,
                0,
              ]
            }
            opacity={1}
            originX={0}
            originY={0}
            propList={
              Array [
                "fill",
              ]
            }
            rotation={0}
            scaleX={1}
            scaleY={1}
            skewX={0}
            skewY={0}
            stroke={null}
            strokeDasharray={null}
            strokeDashoffset={null}
            strokeLinecap={0}
            strokeLinejoin={0}
            strokeMiterlimit={4}
            strokeOpacity={1}
            strokeWidth={1}
            vectorEffect={0}
            x={0}
            y={0}
          />
        </RNSVGGroup>
      </RNSVGGroup>
    </RNSVGSvgView>
    <Text
      style={
        Object {
          "color": "#dcdcdc",
          "paddingBottom": 50,
          "paddingLeft": 2,
        }
      }
    >
      Claude Gnapka scores Luton's third and winner
    </Text>
  </View>
</View>
`;
