// Jest Snapshot v1, https://goo.gl/fbAQLP

exports[`RightChevron should display a RightChevron icon using the icon font 1`] = `
<Text
  style={
    {
      "color": "#121212",
      "fontFamily": "GuardianIcons-Regular",
      "fontSize": 20,
      "lineHeight": 20,
    }
  }
>
  î€‹
</Text>
`;
