// Jest Snapshot v1, https://goo.gl/fbAQLP

exports[`IssueMenuButton should display a IssueMenuButton 1`] = `
<View
  accessibilityHint="More issues"
  accessibilityRole="button"
  accessibilityState={
    {
      "busy": undefined,
      "checked": undefined,
      "disabled": undefined,
      "expanded": undefined,
      "selected": undefined,
    }
  }
  accessibilityValue={
    {
      "max": undefined,
      "min": undefined,
      "now": undefined,
      "text": undefined,
    }
  }
  accessible={true}
  collapsable={false}
  focusable={true}
  hitSlop={
    {
      "bottom": 10,
      "left": 10,
      "right": 10,
      "top": 10,
    }
  }
  onClick={[Function]}
  onResponderGrant={[Function]}
  onResponderMove={[Function]}
  onResponderRelease={[Function]}
  onResponderTerminate={[Function]}
  onResponderTerminationRequest={[Function]}
  onStartShouldSetResponder={[Function]}
  style={
    {
      "opacity": 1,
    }
  }
>
  <View
    style={
      [
        {
          "alignItems": "center",
          "borderRadius": 999,
          "height": 42,
          "justifyContent": "center",
          "paddingHorizontal": 21,
        },
        {
          "backgroundColor": "#ffe500",
        },
        {
          "alignItems": "center",
          "aspectRatio": 1,
          "justifyContent": "center",
          "paddingHorizontal": 0,
          "width": 42,
        },
        undefined,
      ]
    }
  >
    <Text
      allowFontScaling={false}
      style={
        [
          {
            "fontFamily": "GuardianIcons-Regular",
            "fontSize": 20,
            "lineHeight": 20,
          },
          [
            {
              "color": "#121212",
            },
            undefined,
          ],
        ]
      }
    >
      
    </Text>
  </View>
</View>
`;
