// Jest Snapshot v1, https://goo.gl/fbAQLP

exports[`ReloadButton should display a ReloadButton 1`] = `
<View
  style={
    Array [
      Object {
        "position": "absolute",
        "right": 70,
        "top": 40,
        "zIndex": 99999,
      },
    ]
  }
>
  <View
    accessibilityRole="button"
    accessible={true}
    focusable={true}
    hitSlop={
      Object {
        "bottom": 10,
        "left": 10,
        "right": 10,
        "top": 10,
      }
    }
    isTVSelectable={true}
    onClick={[Function]}
    onResponderGrant={[Function]}
    onResponderMove={[Function]}
    onResponderRelease={[Function]}
    onResponderTerminate={[Function]}
    onResponderTerminationRequest={[Function]}
    onStartShouldSetResponder={[Function]}
    style={
      Object {
        "opacity": 1,
      }
    }
  >
    <View
      style={
        Array [
          Object {
            "alignItems": "center",
            "borderRadius": 999,
            "height": 42,
            "justifyContent": "center",
            "paddingHorizontal": 21,
          },
          Object {
            "backgroundColor": "#FF5943",
          },
          false,
          Object {
            "left": 0,
          },
        ]
      }
    >
      <Text
        style={
          Array [
            Object {
              "flexShrink": 0,
              "fontFamily": "GuardianTextSans-Regular",
              "fontSize": 17,
              "lineHeight": 21,
            },
            Object {
              "color": "#121212",
            },
            Array [
              Object {
                "flexShrink": 0,
                "fontFamily": "GuardianTextSans-Bold",
                "fontSize": 17,
                "lineHeight": 21,
              },
              Object {
                "textAlign": "auto",
              },
              Object {
                "color": "#ffffff",
              },
              undefined,
            ],
          ]
        }
      >
        Reload
      </Text>
    </View>
  </View>
</View>
`;
