// Jest Snapshot v1, https://goo.gl/fbAQLP

exports[`ItemSeperator should display a default ItemSeperator with correct styling used for RegionButton seperation 1`] = `
<View
  style={
    {
      "height": 10,
    }
  }
/>
`;
