// Jest Snapshot v1, https://goo.gl/fbAQLP

exports[`Edition Menu Screen Header Edition menu screen Header should render with correct title and style 1`] = `
<View
  style={
    Array [
      Object {
        "backgroundColor": "#052962",
        "flexDirection": "row",
        "justifyContent": "flex-end",
        "paddingVertical": 10,
      },
      undefined,
    ]
  }
>
  <View
    style={
      Object {
        "marginTop": 20,
        "width": "100%",
      }
    }
  >
    <View
      style={
        Array [
          Object {
            "height": 49,
          },
          Object {
            "alignItems": "center",
            "flexDirection": "row",
            "justifyContent": "space-between",
            "width": "100%",
          },
        ]
      }
    >
      <View
        style={
          Object {
            "paddingLeft": 14,
            "zIndex": 2,
          }
        }
      >
        <View
          accessibilityLabel="Regions and specials editions menu"
          accessibilityRole="button"
          accessible={true}
          focusable={true}
          isTVSelectable={true}
          onClick={[Function]}
          onResponderGrant={[Function]}
          onResponderMove={[Function]}
          onResponderRelease={[Function]}
          onResponderTerminate={[Function]}
          onResponderTerminationRequest={[Function]}
          onStartShouldSetResponder={[Function]}
          style={
            Object {
              "alignItems": "center",
              "backgroundColor": "#90dcff",
              "borderRadius": 24,
              "height": 42,
              "justifyContent": "center",
              "opacity": 1,
              "width": 42,
            }
          }
        >
          <Text
            style={
              Object {
                "color": "#333333",
                "fontFamily": "GuardianIcons-Regular",
                "fontSize": 20,
                "lineHeight": 20,
              }
            }
          >
            î€Š
          </Text>
        </View>
      </View>
      <View
        style={
          Object {
            "paddingRight": 14,
            "zIndex": 2,
          }
        }
      />
      <View
        style={
          Object {
            "alignItems": "center",
            "bottom": 0,
            "justifyContent": "center",
            "left": 0,
            "position": "absolute",
            "right": 0,
            "top": 0,
            "zIndex": 1,
          }
        }
      >
        <View
          style={
            Object {
              "alignSelf": "flex-start",
              "paddingLeft": 110,
            }
          }
        >
          <Text
            style={
              Array [
                Object {
                  "flexShrink": 0,
                  "fontFamily": "GTGuardianTitlepiece-Bold",
                  "fontSize": 24,
                  "lineHeight": 26,
                },
                Array [
                  Object {
                    "color": "#FFFFFF",
                    "marginTop": -2,
                  },
                  undefined,
                  Object {},
                ],
              ]
            }
          >
            Editions
          </Text>
        </View>
      </View>
    </View>
  </View>
</View>
`;
