// Jest Snapshot v1, https://goo.gl/fbAQLP

exports[`SliderTitle - iOS - Tablet should display a Front SliderTitle with the correct styles 1`] = `
<View
  style={
    Object {
      "alignSelf": "center",
      "maxWidth": undefined,
      "paddingLeft": 10,
      "width": "100%",
    }
  }
>
  <View
    style={
      Object {
        "flexDirection": "row",
      }
    }
  >
    <Text
      style={
        Object {
          "color": "#000000",
          "fontFamily": "GTGuardianTitlepiece-Bold",
          "fontSize": 28,
          "lineHeight": 32,
        }
      }
    >
      Top Stories
    </Text>
    <Text
      style={
        Object {
          "color": "grey",
          "fontFamily": "GTGuardianTitlepiece-Bold",
          "fontSize": 28,
          "lineHeight": 32,
        }
      }
    >
       
    </Text>
  </View>
  <View
    style={
      Object {
        "flexDirection": "row",
        "paddingVertical": 2,
      }
    }
  >
    <View
      style={
        Object {
          "backgroundColor": "rgba(220, 220, 220, 1)",
          "borderRadius": 7,
          "height": 14,
          "marginRight": 7,
          "width": 14,
        }
      }
    />
    <View
      style={
        Object {
          "backgroundColor": "rgba(220, 220, 220, 1)",
          "borderRadius": 7,
          "height": 14,
          "marginRight": 7,
          "width": 14,
        }
      }
    />
    <View
      style={
        Object {
          "backgroundColor": "rgba(220, 220, 220, 1)",
          "borderRadius": 7,
          "height": 14,
          "marginRight": 7,
          "width": 14,
        }
      }
    />
  </View>
</View>
`;

exports[`SliderTitle - iOS - Tablet should display an Article SliderTitle with a subtitle different to the title 1`] = `
<View
  style={
    Object {
      "alignSelf": "center",
      "maxWidth": 740,
      "paddingLeft": 0,
      "width": "100%",
    }
  }
>
  <View
    style={
      Object {
        "flexDirection": "row",
      }
    }
  >
    <Text
      style={
        Object {
          "color": "#000000",
          "fontFamily": "GTGuardianTitlepiece-Bold",
          "fontSize": 20,
          "lineHeight": 22,
        }
      }
    >
      Top Stories
    </Text>
    <Text
      style={
        Object {
          "color": "grey",
          "fontFamily": "GTGuardianTitlepiece-Bold",
          "fontSize": 20,
          "lineHeight": 22,
        }
      }
    >
       
      Scary News
    </Text>
  </View>
  <View
    style={
      Object {
        "flexDirection": "row",
        "paddingVertical": 2,
      }
    }
  >
    <View
      style={
        Object {
          "backgroundColor": "#DCDCDC",
          "borderRadius": 4,
          "height": 8,
          "marginRight": 2,
          "width": 8,
        }
      }
    />
    <View
      style={
        Object {
          "backgroundColor": "#DCDCDC",
          "borderRadius": 4,
          "height": 8,
          "marginRight": 2,
          "width": 8,
        }
      }
    />
    <View
      style={
        Object {
          "backgroundColor": "#DCDCDC",
          "borderRadius": 4,
          "height": 8,
          "marginRight": 2,
          "width": 8,
        }
      }
    />
  </View>
</View>
`;

exports[`SliderTitle - iOS - Tablet should display an Article SliderTitle with a subtitle the same as the title 1`] = `
<View
  style={
    Object {
      "alignSelf": "center",
      "maxWidth": 740,
      "paddingLeft": 0,
      "width": "100%",
    }
  }
>
  <View
    style={
      Object {
        "flexDirection": "row",
      }
    }
  >
    <Text
      style={
        Object {
          "color": "#000000",
          "fontFamily": "GTGuardianTitlepiece-Bold",
          "fontSize": 20,
          "lineHeight": 22,
        }
      }
    >
      Top Stories
    </Text>
  </View>
  <View
    style={
      Object {
        "flexDirection": "row",
        "paddingVertical": 2,
      }
    }
  >
    <View
      style={
        Object {
          "backgroundColor": "#DCDCDC",
          "borderRadius": 4,
          "height": 8,
          "marginRight": 2,
          "width": 8,
        }
      }
    />
    <View
      style={
        Object {
          "backgroundColor": "#DCDCDC",
          "borderRadius": 4,
          "height": 8,
          "marginRight": 2,
          "width": 8,
        }
      }
    />
    <View
      style={
        Object {
          "backgroundColor": "#DCDCDC",
          "borderRadius": 4,
          "height": 8,
          "marginRight": 2,
          "width": 8,
        }
      }
    />
  </View>
</View>
`;

exports[`SliderTitle - iOS - Tablet should display an Article SliderTitle with the correct styles 1`] = `
<View
  style={
    Object {
      "alignSelf": "center",
      "maxWidth": 740,
      "paddingLeft": 0,
      "width": "100%",
    }
  }
>
  <View
    style={
      Object {
        "flexDirection": "row",
      }
    }
  >
    <Text
      style={
        Object {
          "color": "#000000",
          "fontFamily": "GTGuardianTitlepiece-Bold",
          "fontSize": 20,
          "lineHeight": 22,
        }
      }
    >
      Top Stories
    </Text>
    <Text
      style={
        Object {
          "color": "grey",
          "fontFamily": "GTGuardianTitlepiece-Bold",
          "fontSize": 20,
          "lineHeight": 22,
        }
      }
    >
       
    </Text>
  </View>
  <View
    style={
      Object {
        "flexDirection": "row",
        "paddingVertical": 2,
      }
    }
  >
    <View
      style={
        Object {
          "backgroundColor": "#DCDCDC",
          "borderRadius": 4,
          "height": 8,
          "marginRight": 2,
          "width": 8,
        }
      }
    />
    <View
      style={
        Object {
          "backgroundColor": "#DCDCDC",
          "borderRadius": 4,
          "height": 8,
          "marginRight": 2,
          "width": 8,
        }
      }
    />
    <View
      style={
        Object {
          "backgroundColor": "#DCDCDC",
          "borderRadius": 4,
          "height": 8,
          "marginRight": 2,
          "width": 8,
        }
      }
    />
  </View>
</View>
`;

exports[`SliderTitle - iOS - Tablet should display an Front SliderTitle with a subtitle different to the title 1`] = `
<View
  style={
    Object {
      "alignSelf": "center",
      "maxWidth": undefined,
      "paddingLeft": 10,
      "width": "100%",
    }
  }
>
  <View
    style={
      Object {
        "flexDirection": "row",
      }
    }
  >
    <Text
      style={
        Object {
          "color": "#000000",
          "fontFamily": "GTGuardianTitlepiece-Bold",
          "fontSize": 28,
          "lineHeight": 32,
        }
      }
    >
      Top Stories
    </Text>
    <Text
      style={
        Object {
          "color": "grey",
          "fontFamily": "GTGuardianTitlepiece-Bold",
          "fontSize": 28,
          "lineHeight": 32,
        }
      }
    >
       
      Scary News
    </Text>
  </View>
  <View
    style={
      Object {
        "flexDirection": "row",
        "paddingVertical": 2,
      }
    }
  >
    <View
      style={
        Object {
          "backgroundColor": "rgba(220, 220, 220, 1)",
          "borderRadius": 7,
          "height": 14,
          "marginRight": 7,
          "width": 14,
        }
      }
    />
    <View
      style={
        Object {
          "backgroundColor": "rgba(220, 220, 220, 1)",
          "borderRadius": 7,
          "height": 14,
          "marginRight": 7,
          "width": 14,
        }
      }
    />
    <View
      style={
        Object {
          "backgroundColor": "rgba(220, 220, 220, 1)",
          "borderRadius": 7,
          "height": 14,
          "marginRight": 7,
          "width": 14,
        }
      }
    />
  </View>
</View>
`;

exports[`SliderTitle - iOS - Tablet should display an Front SliderTitle with a subtitle the same as the title 1`] = `
<View
  style={
    Object {
      "alignSelf": "center",
      "maxWidth": undefined,
      "paddingLeft": 10,
      "width": "100%",
    }
  }
>
  <View
    style={
      Object {
        "flexDirection": "row",
      }
    }
  >
    <Text
      style={
        Object {
          "color": "#000000",
          "fontFamily": "GTGuardianTitlepiece-Bold",
          "fontSize": 28,
          "lineHeight": 32,
        }
      }
    >
      Top Stories
    </Text>
  </View>
  <View
    style={
      Object {
        "flexDirection": "row",
        "paddingVertical": 2,
      }
    }
  >
    <View
      style={
        Object {
          "backgroundColor": "rgba(220, 220, 220, 1)",
          "borderRadius": 7,
          "height": 14,
          "marginRight": 7,
          "width": 14,
        }
      }
    />
    <View
      style={
        Object {
          "backgroundColor": "rgba(220, 220, 220, 1)",
          "borderRadius": 7,
          "height": 14,
          "marginRight": 7,
          "width": 14,
        }
      }
    />
    <View
      style={
        Object {
          "backgroundColor": "rgba(220, 220, 220, 1)",
          "borderRadius": 7,
          "height": 14,
          "marginRight": 7,
          "width": 14,
        }
      }
    />
  </View>
</View>
`;

exports[`SliderTitle - iOS - Tablet should display an default SliderTitle with a prescribed start index 1`] = `
<View
  style={
    Object {
      "alignSelf": "center",
      "maxWidth": 740,
      "paddingLeft": 0,
      "width": "100%",
    }
  }
>
  <View
    style={
      Object {
        "flexDirection": "row",
      }
    }
  >
    <Text
      style={
        Object {
          "color": "#000000",
          "fontFamily": "GTGuardianTitlepiece-Bold",
          "fontSize": 20,
          "lineHeight": 22,
        }
      }
    >
      Top Stories
    </Text>
    <Text
      style={
        Object {
          "color": "grey",
          "fontFamily": "GTGuardianTitlepiece-Bold",
          "fontSize": 20,
          "lineHeight": 22,
        }
      }
    >
       
    </Text>
  </View>
  <View
    style={
      Object {
        "flexDirection": "row",
        "paddingVertical": 2,
      }
    }
  >
    <View
      style={
        Object {
          "backgroundColor": "#DCDCDC",
          "borderRadius": 4,
          "height": 8,
          "marginRight": 2,
          "width": 8,
        }
      }
    />
    <View
      style={
        Object {
          "backgroundColor": "#DCDCDC",
          "borderRadius": 4,
          "height": 8,
          "marginRight": 2,
          "width": 8,
        }
      }
    />
    <View
      style={
        Object {
          "backgroundColor": "#DCDCDC",
          "borderRadius": 4,
          "height": 8,
          "marginRight": 2,
          "width": 8,
        }
      }
    />
  </View>
</View>
`;

exports[`SliderTitle - iOS - Tablet should display no dots when numOfItems is 1 or less 1`] = `
<View
  style={
    Object {
      "alignSelf": "center",
      "maxWidth": 740,
      "paddingLeft": 0,
      "width": "100%",
    }
  }
>
  <View
    style={
      Object {
        "flexDirection": "row",
      }
    }
  >
    <Text
      style={
        Object {
          "color": "#000000",
          "fontFamily": "GTGuardianTitlepiece-Bold",
          "fontSize": 20,
          "lineHeight": 22,
        }
      }
    >
      Top Stories
    </Text>
    <Text
      style={
        Object {
          "color": "grey",
          "fontFamily": "GTGuardianTitlepiece-Bold",
          "fontSize": 20,
          "lineHeight": 22,
        }
      }
    >
       
    </Text>
  </View>
</View>
`;
